// Jest Snapshot v1, https://goo.gl/fbAQLP

exports[`returns a keyframe array, with duplicate values removed 1`] = `
Array [
  "0% {opacity: 0; width: 100px; transform: translateX(0px) translateY(100px) scale(0);}
  33.33% {opacity: 1.19; width: 218.68px; transform: translateX(23.74px) translateY(40.66px) scale(1.19);}
  66.67% {opacity: 0.97; width: 196.51px; transform: translateX(19.3px) translateY(51.75px) scale(0.97);}
  100% {opacity: 1; width: 200px; transform: translateX(20px) translateY(50px) scale(1);}",
  "750ms",
  "cubic-bezier(0.445,  0.050, 0.550, 0.950)",
]
`;
